Archive member included to satisfy reference by file (symbol)

c:/users/toshiba/downloads/iti/turkey/arm tools iti/arm gcc/bin/../lib/gcc/arm-none-eabi/5.4.1/armv7-m\libgcc.a(_aeabi_uldivmod.o)
                              ./src/DSYSTICK.o (__aeabi_uldivmod)
c:/users/toshiba/downloads/iti/turkey/arm tools iti/arm gcc/bin/../lib/gcc/arm-none-eabi/5.4.1/armv7-m\libgcc.a(_udivmoddi4.o)
                              c:/users/toshiba/downloads/iti/turkey/arm tools iti/arm gcc/bin/../lib/gcc/arm-none-eabi/5.4.1/armv7-m\libgcc.a(_aeabi_uldivmod.o) (__udivmoddi4)
c:/users/toshiba/downloads/iti/turkey/arm tools iti/arm gcc/bin/../lib/gcc/arm-none-eabi/5.4.1/armv7-m\libgcc.a(_dvmd_tls.o)
                              c:/users/toshiba/downloads/iti/turkey/arm tools iti/arm gcc/bin/../lib/gcc/arm-none-eabi/5.4.1/armv7-m\libgcc.a(_aeabi_uldivmod.o) (__aeabi_ldiv0)
c:/users/toshiba/downloads/iti/turkey/arm tools iti/arm gcc/bin/../lib/gcc/arm-none-eabi/5.4.1/../../../../arm-none-eabi/lib/armv7-m\libg_nano.a(lib_a-errno.o)
                              ./system/src/newlib/_sbrk.o (__errno)
c:/users/toshiba/downloads/iti/turkey/arm tools iti/arm gcc/bin/../lib/gcc/arm-none-eabi/5.4.1/../../../../arm-none-eabi/lib/armv7-m\libg_nano.a(lib_a-impure.o)
                              c:/users/toshiba/downloads/iti/turkey/arm tools iti/arm gcc/bin/../lib/gcc/arm-none-eabi/5.4.1/../../../../arm-none-eabi/lib/armv7-m\libg_nano.a(lib_a-errno.o) (_impure_ptr)
c:/users/toshiba/downloads/iti/turkey/arm tools iti/arm gcc/bin/../lib/gcc/arm-none-eabi/5.4.1/../../../../arm-none-eabi/lib/armv7-m\libg_nano.a(lib_a-strlen.o)
                              ./system/src/diag/Trace.o (strlen)
c:/users/toshiba/downloads/iti/turkey/arm tools iti/arm gcc/bin/../lib/gcc/arm-none-eabi/5.4.1/../../../../arm-none-eabi/lib/armv7-m\libg_nano.a(lib_a-vsnprintf.o)
                              ./system/src/diag/Trace.o (vsnprintf)
c:/users/toshiba/downloads/iti/turkey/arm tools iti/arm gcc/bin/../lib/gcc/arm-none-eabi/5.4.1/../../../../arm-none-eabi/lib/armv7-m\libg_nano.a(lib_a-nano-svfprintf.o)
                              c:/users/toshiba/downloads/iti/turkey/arm tools iti/arm gcc/bin/../lib/gcc/arm-none-eabi/5.4.1/../../../../arm-none-eabi/lib/armv7-m\libg_nano.a(lib_a-vsnprintf.o) (_svfprintf_r)
c:/users/toshiba/downloads/iti/turkey/arm tools iti/arm gcc/bin/../lib/gcc/arm-none-eabi/5.4.1/../../../../arm-none-eabi/lib/armv7-m\libg_nano.a(lib_a-nano-vfprintf_i.o)
                              c:/users/toshiba/downloads/iti/turkey/arm tools iti/arm gcc/bin/../lib/gcc/arm-none-eabi/5.4.1/../../../../arm-none-eabi/lib/armv7-m\libg_nano.a(lib_a-nano-svfprintf.o) (_printf_i)
c:/users/toshiba/downloads/iti/turkey/arm tools iti/arm gcc/bin/../lib/gcc/arm-none-eabi/5.4.1/../../../../arm-none-eabi/lib/armv7-m\libg_nano.a(lib_a-memchr-stub.o)
                              c:/users/toshiba/downloads/iti/turkey/arm tools iti/arm gcc/bin/../lib/gcc/arm-none-eabi/5.4.1/../../../../arm-none-eabi/lib/armv7-m\libg_nano.a(lib_a-nano-svfprintf.o) (memchr)
c:/users/toshiba/downloads/iti/turkey/arm tools iti/arm gcc/bin/../lib/gcc/arm-none-eabi/5.4.1/../../../../arm-none-eabi/lib/armv7-m\libg_nano.a(lib_a-memcpy-stub.o)
                              c:/users/toshiba/downloads/iti/turkey/arm tools iti/arm gcc/bin/../lib/gcc/arm-none-eabi/5.4.1/../../../../arm-none-eabi/lib/armv7-m\libg_nano.a(lib_a-nano-svfprintf.o) (memcpy)
c:/users/toshiba/downloads/iti/turkey/arm tools iti/arm gcc/bin/../lib/gcc/arm-none-eabi/5.4.1/../../../../arm-none-eabi/lib/armv7-m\libg_nano.a(lib_a-memmove.o)
                              c:/users/toshiba/downloads/iti/turkey/arm tools iti/arm gcc/bin/../lib/gcc/arm-none-eabi/5.4.1/../../../../arm-none-eabi/lib/armv7-m\libg_nano.a(lib_a-nano-svfprintf.o) (memmove)
c:/users/toshiba/downloads/iti/turkey/arm tools iti/arm gcc/bin/../lib/gcc/arm-none-eabi/5.4.1/../../../../arm-none-eabi/lib/armv7-m\libg_nano.a(lib_a-nano-freer.o)
                              c:/users/toshiba/downloads/iti/turkey/arm tools iti/arm gcc/bin/../lib/gcc/arm-none-eabi/5.4.1/../../../../arm-none-eabi/lib/armv7-m\libg_nano.a(lib_a-nano-svfprintf.o) (_free_r)
c:/users/toshiba/downloads/iti/turkey/arm tools iti/arm gcc/bin/../lib/gcc/arm-none-eabi/5.4.1/../../../../arm-none-eabi/lib/armv7-m\libg_nano.a(lib_a-nano-mallocr.o)
                              c:/users/toshiba/downloads/iti/turkey/arm tools iti/arm gcc/bin/../lib/gcc/arm-none-eabi/5.4.1/../../../../arm-none-eabi/lib/armv7-m\libg_nano.a(lib_a-nano-svfprintf.o) (_malloc_r)
c:/users/toshiba/downloads/iti/turkey/arm tools iti/arm gcc/bin/../lib/gcc/arm-none-eabi/5.4.1/../../../../arm-none-eabi/lib/armv7-m\libg_nano.a(lib_a-nano-reallocr.o)
                              c:/users/toshiba/downloads/iti/turkey/arm tools iti/arm gcc/bin/../lib/gcc/arm-none-eabi/5.4.1/../../../../arm-none-eabi/lib/armv7-m\libg_nano.a(lib_a-nano-svfprintf.o) (_realloc_r)
[...]
Memory Configuration

Name             Origin             Length             Attributes
RAM              0x20000000         0x00005000         xrw
CCMRAM           0x00000000         0x00000000         xrw
FLASH            0x08000000         0x00010000         xr
FLASHB1          0x00000000         0x00000000         xr
EXTMEMB0         0x00000000         0x00000000         xr
EXTMEMB1         0x00000000         0x00000000         xr
EXTMEMB2         0x00000000         0x00000000         xr
EXTMEMB3         0x00000000         0x00000000         xr
MEMORY_ARRAY     0x00000000         0x00000000         xrw
*default*        0x00000000         0xffffffff

Linker script and memory map

LOAD ./system/src/stm32f1-stdperiph/misc.o
LOAD ./system/src/stm32f1-stdperiph/stm32f10x_gpio.o
LOAD ./system/src/stm32f1-stdperiph/stm32f10x_rcc.o
LOAD ./system/src/newlib/_cxx.o
LOAD ./system/src/newlib/_exit.o
LOAD ./system/src/newlib/_sbrk.o
LOAD ./system/src/newlib/_startup.o
LOAD ./system/src/newlib/_syscalls.o
LOAD ./system/src/newlib/assert.o
LOAD ./system/src/diag/Trace.o
LOAD ./system/src/diag/trace_impl.o
LOAD ./system/src/cortexm/_initialize_hardware.o
LOAD ./system/src/cortexm/_reset_hardware.o
LOAD ./system/src/cortexm/exception_handlers.o
LOAD ./system/src/cmsis/system_stm32f10x.o
LOAD ./system/src/cmsis/vectors_stm32f10x.o
LOAD ./src/CounterApp.o
LOAD ./src/DGPIO.o
LOAD ./src/DNVIC.o
LOAD ./src/DRCC.o
LOAD ./src/DSYSTICK.o
LOAD ./src/HLCD.o
LOAD ./src/HLCD_config.o
LOAD ./src/HLED.o
LOAD ./src/HLED_config.o
LOAD ./src/HSwitch.o
LOAD ./src/HSwitch_config.o
LOAD ./src/HUART.o
LOAD ./src/Sched.o
LOAD ./src/Sched_config.o
LOAD ./src/UART.o
LOAD ./src/main.o
LOAD c:/users/toshiba/downloads/iti/turkey/arm tools iti/arm gcc/bin/../lib/gcc/arm-none-eabi/5.4.1/../../../../arm-none-eabi/lib/armv7-m\libstdc++_nano.a
LOAD c:/users/toshiba/downloads/iti/turkey/arm tools iti/arm gcc/bin/../lib/gcc/arm-none-eabi/5.4.1/../../../../arm-none-eabi/lib/armv7-m\libm.a
START GROUP
LOAD c:/users/toshiba/downloads/iti/turkey/arm tools iti/arm gcc/bin/../lib/gcc/arm-none-eabi/5.4.1/armv7-m\libgcc.a
LOAD c:/users/toshiba/downloads/iti/turkey/arm tools iti/arm gcc/bin/../lib/gcc/arm-none-eabi/5.4.1/../../../../arm-none-eabi/lib/armv7-m\libg_nano.a
LOAD c:/users/toshiba/downloads/iti/turkey/arm tools iti/arm gcc/bin/../lib/gcc/arm-none-eabi/5.4.1/../../../../arm-none-eabi/lib/armv7-m\libc_nano.a
END GROUP
START GROUP
LOAD c:/users/toshiba/downloads/iti/turkey/arm tools iti/arm gcc/bin/../lib/gcc/arm-none-eabi/5.4.1/armv7-m\libgcc.a
LOAD c:/users/toshiba/downloads/iti/turkey/arm tools iti/arm gcc/bin/../lib/gcc/arm-none-eabi/5.4.1/../../../../arm-none-eabi/lib/armv7-m\libc_nano.a
END GROUP
                0x20005000                __stack = (ORIGIN (RAM) + LENGTH (RAM))
                0x20005000                _estack = __stack
                0x00000400                __Main_Stack_Size = 0x400
                [!provide]                PROVIDE (_Main_Stack_Size, __Main_Stack_Size)
                0x20004c00                __Main_Stack_Limit = (__stack - __Main_Stack_Size)
                [!provide]                PROVIDE (_Main_Stack_Limit, __Main_Stack_Limit)
                0x00000100                _Minimum_Stack_Size = 0x100
                0x20000310                PROVIDE (_Heap_Begin, _end_noinit)
                0x20004c00                PROVIDE (_Heap_Limit, (__stack - __Main_Stack_Size))

.isr_vector     0x08000000      0x354
 FILL mask 0xff
                0x08000000                __vectors_start = ABSOLUTE (.)
                0x08000000                __vectors_start__ = ABSOLUTE (.)
 *(.isr_vector)
 .isr_vector    0x08000000      0x10c ./system/src/cmsis/vectors_stm32f10x.o
                0x08000000                __isr_vectors
 *(.cfmconfig)
 *(.after_vectors .after_vectors.*)
 .after_vectors
                0x0800010c      0x114 ./system/src/newlib/_startup.o
                0x0800010c                _start
 .after_vectors
                0x08000220      0x130 ./system/src/cortexm/exception_handlers.o
                0x08000220                Reset_Handler
                0x08000228                NMI_Handler
                0x0800022c                HardFault_Handler
                0x08000240                HardFault_Handler_C
                0x080002a0                MemManage_Handler
                0x080002a4                BusFault_Handler
                0x080002b8                BusFault_Handler_C
                0x080002ec                UsageFault_Handler
                0x08000300                UsageFault_Handler_C
                0x08000334                SVC_Handler
                0x08000338                DebugMon_Handler
                0x0800033c                PendSV_Handler
 .after_vectors
                0x08000350        0x4 ./system/src/cmsis/vectors_stm32f10x.o
                0x08000350                EXTI2_IRQHandler
                0x08000350                TIM8_TRG_COM_IRQHandler
                0x08000350                TIM8_CC_IRQHandler
                0x08000350                TIM1_CC_IRQHandler
                0x08000350                TIM6_IRQHandler
                0x08000350                PVD_IRQHandler
                0x08000350                SDIO_IRQHandler
                0x08000350                CAN2_RX1_IRQHandler
                0x08000350                EXTI3_IRQHandler
                0x08000350                TIM8_TRG_COM_TIM14_IRQHandler
                0x08000350                TIM1_UP_TIM10_IRQHandler
                0x08000350                TIM8_UP_TIM13_IRQHandler
                0x08000350                EXTI0_IRQHandler
                0x08000350                I2C2_EV_IRQHandler
                0x08000350                CAN1_RX0_IRQHandler
                0x08000350                TIM1_UP_TIM16_IRQHandler
                0x08000350                CAN2_SCE_IRQHandler
                0x08000350                ADC1_2_IRQHandler
                0x08000350                SPI1_IRQHandler
                0x08000350                TAMPER_IRQHandler
                0x08000350                TIM6_DAC_IRQHandler
                0x08000350                TIM1_BRK_TIM9_IRQHandler
                0x08000350                CAN2_RX0_IRQHandler
                0x08000350                TIM8_UP_IRQHandler
                0x08000350                DMA2_Channel2_IRQHandler
                0x08000350                DMA1_Channel4_IRQHandler
                0x08000350                USART3_IRQHandler
                0x08000350                RTC_IRQHandler
                0x08000350                DMA1_Channel7_IRQHandler
                0x08000350                CAN1_RX1_IRQHandler
                0x08000350                UART5_IRQHandler
                0x08000350                ADC3_IRQHandler
                0x08000350                TIM4_IRQHandler
                0x08000350                DMA2_Channel1_IRQHandler
                0x08000350                I2C1_EV_IRQHandler
                0x08000350                DMA1_Channel6_IRQHandler
                0x08000350                UART4_IRQHandler
                0x08000350                DMA2_Channel4_IRQHandler
                0x08000350                TIM3_IRQHandler
                0x08000350                RCC_IRQHandler
                0x08000350                TIM8_BRK_TIM12_IRQHandler
                0x08000350                TIM1_TRG_COM_IRQHandler
                0x08000350                DMA1_Channel1_IRQHandler
                0x08000350                Default_Handler
                0x08000350                CEC_IRQHandler
                0x08000350                EXTI15_10_IRQHandler
                0x08000350                TIM14_IRQHandler
                0x08000350                TIM13_IRQHandler
                0x08000350                TIM12_IRQHandler
                0x08000350                TIM7_IRQHandler
                0x08000350                CAN2_TX_IRQHandler
                0x08000350                TIM5_IRQHandler
                0x08000350                EXTI9_5_IRQHandler
                0x08000350                ETH_WKUP_IRQHandler
                0x08000350                SPI2_IRQHandler
                0x08000350                CAN1_TX_IRQHandler
                0x08000350                DMA2_Channel5_IRQHandler
                0x08000350                DMA1_Channel5_IRQHandler
                0x08000350                EXTI4_IRQHandler
                0x08000350                USB_LP_CAN1_RX0_IRQHandler
                0x08000350                TIM1_TRG_COM_TIM17_IRQHandler
                0x08000350                USB_HP_CAN1_TX_IRQHandler
                0x08000350                DMA1_Channel3_IRQHandler
                0x08000350                FSMC_IRQHandler
                0x08000350                ETH_IRQHandler
                0x08000350                TIM1_UP_IRQHandler
                0x08000350                WWDG_IRQHandler
                0x08000350                TIM2_IRQHandler
                0x08000350                OTG_FS_WKUP_IRQHandler
                0x08000350                TIM1_TRG_COM_TIM11_IRQHandler
                0x08000350                TIM1_BRK_IRQHandler
                0x08000350                EXTI1_IRQHandler
                0x08000350                RTCAlarm_IRQHandler
                0x08000350                DMA2_Channel4_5_IRQHandler
                0x08000350                USART2_IRQHandler
                0x08000350                I2C2_ER_IRQHandler
                0x08000350                DMA1_Channel2_IRQHandler
                0x08000350                TIM8_BRK_IRQHandler
                0x08000350                CAN1_SCE_IRQHandler
                0x08000350                FLASH_IRQHandler
                0x08000350                OTG_FS_IRQHandler
                0x08000350                SPI3_IRQHandler
                0x08000350                I2C1_ER_IRQHandler
                0x08000350                USBWakeUp_IRQHandler
                0x08000350                DMA2_Channel3_IRQHandler
                0x08000350                TIM1_BRK_TIM15_IRQHandler

.inits          0x08000354       0x28
                0x08000354                __data_regions_array_start = .
                0x08000354        0x4 LONG 0x8002b14 LOADADDR (.data)
                0x08000358        0x4 LONG 0x20000000 ADDR (.data)
                0x0800035c        0x4 LONG 0x200000c0 (ADDR (.data) + SIZEOF (.data))
                0x08000360        0x4 LONG 0x8002b14 LOADADDR (.data_CCMRAM)
                0x08000364        0x4 LONG 0x0 ADDR (.data_CCMRAM)
                0x08000368        0x4 LONG 0x0 (ADDR (.data_CCMRAM) + SIZEOF (.data_CCMRAM))
                0x0800036c                __data_regions_array_end = .
                0x0800036c                __bss_regions_array_start = .
                0x0800036c        0x4 LONG 0x200000c0 ADDR (.bss)
                0x08000370        0x4 LONG 0x20000310 (ADDR (.bss) + SIZEOF (.bss))
                0x08000374        0x4 LONG 0x0 ADDR (.bss_CCMRAM)
                0x08000378        0x4 LONG 0x0 (ADDR (.bss_CCMRAM) + SIZEOF (.bss_CCMRAM))
                0x0800037c                __bss_regions_array_end = .
 *(.init)
 *(.fini)
                0x0800037c                . = ALIGN (0x4)
                0x0800037c                PROVIDE (__preinit_array_start, .)
 *(.preinit_array_sysinit .preinit_array_sysinit.*)
 *(.preinit_array_platform .preinit_array_platform.*)
 *(.preinit_array .preinit_array.*)
                0x0800037c                PROVIDE (__preinit_array_end, .)
                0x0800037c                . = ALIGN (0x4)
                0x0800037c                PROVIDE (__init_array_start, .)
 *(SORT(.init_array.*))
 *(.init_array)
                0x0800037c                PROVIDE (__init_array_end, .)
                0x0800037c                . = ALIGN (0x4)
                0x0800037c                PROVIDE (__fini_array_start, .)
 *(SORT(.fini_array.*))
 *(.fini_array)
                0x0800037c                PROVIDE (__fini_array_end, .)

.flashtext
 *(.flashtext .flashtext.*)

.text           0x08000380     0x278b
 *(.text .text.*)
 .text._exit    0x08000380        0x4 ./system/src/newlib/_exit.o
                0x08000380                _exit
 .text._sbrk    0x08000384       0x44 ./system/src/newlib/_sbrk.o
                0x08000384                _sbrk
 .text.__initialize_args
                0x080003c8       0x10 ./system/src/newlib/_syscalls.o
                0x080003c8                __initialize_args
 .text.trace_printf
                0x080003d8       0x30 ./system/src/diag/Trace.o
                0x080003d8                trace_printf
 .text._trace_write_semihosting_debug
                0x08000408       0x64 ./system/src/diag/trace_impl.o
 .text.trace_write
                0x0800046c        0x8 ./system/src/diag/trace_impl.o
                0x0800046c                trace_write
 .text.__initialize_hardware_early
                0x08000474       0x18 ./system/src/cortexm/_initialize_hardware.o
                0x08000474                __initialize_hardware_early
 .text.__initialize_hardware
                0x0800048c        0x8 ./system/src/cortexm/_initialize_hardware.o
                0x0800048c                __initialize_hardware
 .text.dumpExceptionStack
                0x08000494       0xf0 ./system/src/cortexm/exception_handlers.o
                0x08000494                dumpExceptionStack
 .text.isSemihosting
                0x08000584       0x20 ./system/src/cortexm/exception_handlers.o
                0x08000584                isSemihosting
 .text.SetSysClockTo72
                0x080005a4       0xc4 ./system/src/cmsis/system_stm32f10x.o
 .text.SetSysClock
                0x08000668        0x8 ./system/src/cmsis/system_stm32f10x.o
 .text.SystemInit
                0x08000670       0x50 ./system/src/cmsis/system_stm32f10x.o
                0x08000670                SystemInit
 .text.SystemCoreClockUpdate
                0x080006c0       0x94 ./system/src/cmsis/system_stm32f10x.o
                0x080006c0                SystemCoreClockUpdate
 .text.APP_TransmitDone
                0x08000754       0x10 ./src/CounterApp.o
                0x08000754                APP_TransmitDone
 .text.APP_ReceiveDone
                0x08000764       0xe0 ./src/CounterApp.o
                0x08000764                APP_ReceiveDone
 .text.App_AppTask
                0x08000844       0x7c ./src/CounterApp.o
 .text.App_WriteDone
                0x080008c0        0xc ./src/CounterApp.o
                0x080008c0                App_WriteDone
 .text.MyAPP_init
                0x080008cc       0xd4 ./src/CounterApp.o
                0x080008cc                MyAPP_init
 .text.MyApp    0x080009a0        0xc ./src/CounterApp.o
                0x080009a0                MyApp
 .text.GPIO_Config
                0x080009ac      0x174 ./src/DGPIO.o
                0x080009ac                GPIO_Config
 .text.GPIO_Writee
                0x08000b20       0x18 ./src/DGPIO.o
                0x08000b20                GPIO_Writee
 .text.GPIO_ReadPin
                0x08000b38       0x90 ./src/DGPIO.o
                0x08000b38                GPIO_ReadPin
 .text.DNVIC_EnableIRQ
                0x08000bc8       0x24 ./src/DNVIC.o
                0x08000bc8                DNVIC_EnableIRQ
 .text.DNVIC_ClearPendingIRQ
                0x08000bec       0x28 ./src/DNVIC.o
                0x08000bec                DNVIC_ClearPendingIRQ
 .text.RCC_GetSystemClk
                0x08000c14       0x70 ./src/DRCC.o
 .text.RCC_SetPriephralStatus
                0x08000c84       0x8c ./src/DRCC.o
                0x08000c84                RCC_SetPriephralStatus
 .text.RCC_SetBusPrescale
                0x08000d10       0x5c ./src/DRCC.o
                0x08000d10                RCC_SetBusPrescale
 .text.RCC_GetBusClock
                0x08000d6c      0x140 ./src/DRCC.o
                0x08000d6c                RCC_GetBusClock
 .text.SYSTICK_Init
                0x08000eac       0x14 ./src/DSYSTICK.o
                0x08000eac                SYSTICK_Init
 .text.SYSTICK_Start
                0x08000ec0       0x14 ./src/DSYSTICK.o
                0x08000ec0                SYSTICK_Start
 .text.SYSTICK_SetCallback
                0x08000ed4       0x14 ./src/DSYSTICK.o
                0x08000ed4                SYSTICK_SetCallback
 .text.SYSTICK_SetTime
                0x08000ee8       0x54 ./src/DSYSTICK.o
                0x08000ee8                SYSTICK_SetTime
 .text.SysTick_Handler
                0x08000f3c       0x14 ./src/DSYSTICK.o
                0x08000f3c                SysTick_Handler
 .text.LCD_SetDataPins
                0x08000f50       0x30 ./src/HLCD.o
 .text.LCD_WriteProcess
                0x08000f80       0x9c ./src/HLCD.o
 .text.LCD_ClearProcess
                0x0800101c       0xcc ./src/HLCD.o
 .text.LCD_SetPositionProcess
                0x080010e8       0x88 ./src/HLCD.o
 .text.LCD_InitProcess
                0x08001170      0x278 ./src/HLCD.o
 .text.LCD_LCDTask
                0x080013e8       0x38 ./src/HLCD.o
 .text.LCD_Init
                0x08001420      0x1fc ./src/HLCD.o
                0x08001420                LCD_Init
 .text.LCD_WriteData
                0x0800161c       0x38 ./src/HLCD.o
                0x0800161c                LCD_WriteData
 .text.LCD_SetPosition
                0x08001654       0x24 ./src/HLCD.o
                0x08001654                LCD_SetPosition
 .text.LCD_SetWriteCallBackFunction
                0x08001678       0x14 ./src/HLCD.o
                0x08001678                LCD_SetWriteCallBackFunction
 .text.HLED_Init
                0x0800168c       0x28 ./src/HLED.o
                0x0800168c                HLED_Init
 .text.HLED_SetLedState
                0x080016b4       0x40 ./src/HLED.o
                0x080016b4                HLED_SetLedState
 .text.Switch_SwitchTask
                0x080016f4       0xc0 ./src/HSwitch.o
 .text.Switch_Init
                0x080017b4       0xec ./src/HSwitch.o
                0x080017b4                Switch_Init
 .text.Switch_GetSwitchState
                0x080018a0       0x4c ./src/HSwitch.o
                0x080018a0                Switch_GetSwitchState
 .text.HUART_Init
                0x080018ec       0x70 ./src/HUART.o
                0x080018ec                HUART_Init
 .text.HUART_Send
                0x0800195c        0x8 ./src/HUART.o
                0x0800195c                HUART_Send
 .text.HUART_Receive
                0x08001964        0x8 ./src/HUART.o
                0x08001964                HUART_Receive
 .text.HUART_SetTxCbf
                0x0800196c       0x10 ./src/HUART.o
                0x0800196c                HUART_SetTxCbf
 .text.HUART_SetRxCbf
                0x0800197c       0x10 ./src/HUART.o
                0x0800197c                HUART_SetRxCbf
 .text.Sched_SetOSFlag
                0x0800198c       0x10 ./src/Sched.o
 .text.Sched    0x0800199c       0x60 ./src/Sched.o
 .text.Sched_Init
                0x080019fc       0x6c ./src/Sched.o
                0x080019fc                Sched_Init
 .text.Sched_Start
                0x08001a68       0x20 ./src/Sched.o
                0x08001a68                Sched_Start
 .text.UART_Init
                0x08001a88       0x34 ./src/UART.o
                0x08001a88                UART_Init
 .text.UART_Send
                0x08001abc       0x3c ./src/UART.o
                0x08001abc                UART_Send
 .text.UART_Receive
                0x08001af8       0x3c ./src/UART.o
                0x08001af8                UART_Receive
 .text.UART_SetTxCbf
                0x08001b34        0xc ./src/UART.o
                0x08001b34                UART_SetTxCbf
 .text.UART_SetRxCbf
                0x08001b40        0xc ./src/UART.o
                0x08001b40                UART_SetRxCbf
 .text.USART1_IRQHandler
                0x08001b4c       0xd8 ./src/UART.o
                0x08001b4c                USART1_IRQHandler
 .text.main     0x08001c24        0xc ./src/main.o
                0x08001c24                main
 .text          0x08001c30       0x30 c:/users/toshiba/downloads/iti/turkey/arm tools iti/arm gcc/bin/../lib/gcc/arm-none-eabi/5.4.1/armv7-m\libgcc.a(_aeabi_uldivmod.o)
                0x08001c30                __aeabi_uldivmod
 .text          0x08001c60      0x2ec c:/users/toshiba/downloads/iti/turkey/arm tools iti/arm gcc/bin/../lib/gcc/arm-none-eabi/5.4.1/armv7-m\libgcc.a(_udivmoddi4.o)
                0x08001c60                __udivmoddi4
 .text          0x08001f4c        0x4 c:/users/toshiba/downloads/iti/turkey/arm tools iti/arm gcc/bin/../lib/gcc/arm-none-eabi/5.4.1/armv7-m\libgcc.a(_dvmd_tls.o)
                0x08001f4c                __aeabi_idiv0
                0x08001f4c                __aeabi_ldiv0
 .text.__errno  0x08001f50        0xc c:/users/toshiba/downloads/iti/turkey/arm tools iti/arm gcc/bin/../lib/gcc/arm-none-eabi/5.4.1/../../../../arm-none-eabi/lib/armv7-m\libg_nano.a(lib_a-errno.o)
                0x08001f50                __errno
 .text._vsnprintf_r
                0x08001f5c       0x56 c:/users/toshiba/downloads/iti/turkey/arm tools iti/arm gcc/bin/../lib/gcc/arm-none-eabi/5.4.1/../../../../arm-none-eabi/lib/armv7-m\libg_nano.a(lib_a-vsnprintf.o)
                0x08001f5c                _vsniprintf_r
                0x08001f5c                _vsnprintf_r
 *fill*         0x08001fb2        0x2 
 .text.vsnprintf
                0x08001fb4       0x1c c:/users/toshiba/downloads/iti/turkey/arm tools iti/arm gcc/bin/../lib/gcc/arm-none-eabi/5.4.1/../../../../arm-none-eabi/lib/armv7-m\libg_nano.a(lib_a-vsnprintf.o)
                0x08001fb4                vsniprintf
                0x08001fb4                vsnprintf
 .text.__ssputs_r
                0x08001fd0       0xb2 c:/users/toshiba/downloads/iti/turkey/arm tools iti/arm gcc/bin/../lib/gcc/arm-none-eabi/5.4.1/../../../../arm-none-eabi/lib/armv7-m\libg_nano.a(lib_a-nano-svfprintf.o)
                0x08001fd0                __ssputs_r
 *fill*         0x08002082        0x2 
 .text._svfprintf_r
                0x08002084      0x1e8 c:/users/toshiba/downloads/iti/turkey/arm tools iti/arm gcc/bin/../lib/gcc/arm-none-eabi/5.4.1/../../../../arm-none-eabi/lib/armv7-m\libg_nano.a(lib_a-nano-svfprintf.o)
                0x08002084                _svfiprintf_r
                0x08002084                _svfprintf_r
 .text._printf_common
                0x0800226c       0xec c:/users/toshiba/downloads/iti/turkey/arm tools iti/arm gcc/bin/../lib/gcc/arm-none-eabi/5.4.1/../../../../arm-none-eabi/lib/armv7-m\libg_nano.a(lib_a-nano-vfprintf_i.o)
                0x0800226c                _printf_common
 .text._printf_i
                0x08002358      0x24c c:/users/toshiba/downloads/iti/turkey/arm tools iti/arm gcc/bin/../lib/gcc/arm-none-eabi/5.4.1/../../../../arm-none-eabi/lib/armv7-m\libg_nano.a(lib_a-nano-vfprintf_i.o)
                0x08002358                _printf_i
 .text.memchr   0x080025a4       0x1c c:/users/toshiba/downloads/iti/turkey/arm tools iti/arm gcc/bin/../lib/gcc/arm-none-eabi/5.4.1/../../../../arm-none-eabi/lib/armv7-m\libg_nano.a(lib_a-memchr-stub.o)
                0x080025a4                memchr
 .text.memcpy   0x080025c0       0x16 c:/users/toshiba/downloads/iti/turkey/arm tools iti/arm gcc/bin/../lib/gcc/arm-none-eabi/5.4.1/../../../../arm-none-eabi/lib/armv7-m\libg_nano.a(lib_a-memcpy-stub.o)
                0x080025c0                memcpy
 .text.memmove  0x080025d6       0x36 c:/users/toshiba/downloads/iti/turkey/arm tools iti/arm gcc/bin/../lib/gcc/arm-none-eabi/5.4.1/../../../../arm-none-eabi/lib/armv7-m\libg_nano.a(lib_a-memmove.o)
                0x080025d6                memmove
 .text._free_r  0x0800260c       0x98 c:/users/toshiba/downloads/iti/turkey/arm tools iti/arm gcc/bin/../lib/gcc/arm-none-eabi/5.4.1/../../../../arm-none-eabi/lib/armv7-m\libg_nano.a(lib_a-nano-freer.o)
                0x0800260c                _free_r
 .text._malloc_r
                0x080026a4       0xbc c:/users/toshiba/downloads/iti/turkey/arm tools iti/arm gcc/bin/../lib/gcc/arm-none-eabi/5.4.1/../../../../arm-none-eabi/lib/armv7-m\libg_nano.a(lib_a-nano-mallocr.o)
                0x080026a4                _malloc_r
 .text._realloc_r
                0x08002760       0x4c c:/users/toshiba/downloads/iti/turkey/arm tools iti/arm gcc/bin/../lib/gcc/arm-none-eabi/5.4.1/../../../../arm-none-eabi/lib/armv7-m\libg_nano.a(lib_a-nano-reallocr.o)
                0x08002760                _realloc_r
 .text._sbrk_r  0x080027ac       0x20 c:/users/toshiba/downloads/iti/turkey/arm tools iti/arm gcc/bin/../lib/gcc/arm-none-eabi/5.4.1/../../../../arm-none-eabi/lib/armv7-m\libg_nano.a(lib_a-sbrkr.o)
                0x080027ac                _sbrk_r
 .text.__malloc_lock
                0x080027cc        0x2 c:/users/toshiba/downloads/iti/turkey/arm tools iti/arm gcc/bin/../lib/gcc/arm-none-eabi/5.4.1/../../../../arm-none-eabi/lib/armv7-m\libg_nano.a(lib_a-mlock.o)
                0x080027cc                __malloc_lock
 .text.__malloc_unlock
                0x080027ce        0x2 c:/users/toshiba/downloads/iti/turkey/arm tools iti/arm gcc/bin/../lib/gcc/arm-none-eabi/5.4.1/../../../../arm-none-eabi/lib/armv7-m\libg_nano.a(lib_a-mlock.o)
                0x080027ce                __malloc_unlock
 .text._malloc_usable_size_r
                0x080027d0       0x14 c:/users/toshiba/downloads/iti/turkey/arm tools iti/arm gcc/bin/../lib/gcc/arm-none-eabi/5.4.1/../../../../arm-none-eabi/lib/armv7-m\libg_nano.a(lib_a-nano-msizer.o)
                0x080027d0                _malloc_usable_size_r
 *(.rodata .rodata.* .constdata .constdata.*)
 .rodata.str1.4
                0x080027e4      0x148 ./system/src/cortexm/exception_handlers.o
                                0x146 (size before relaxing)
 *fill*         0x0800292c        0x4 
 .rodata.LCDPins
                0x08002930      0x160 ./src/HLCD_config.o
                0x08002930                LCDPins
 .rodata.LED    0x08002a90        0xc ./src/HLED_config.o
                0x08002a90                LED
 *fill*         0x08002a9c        0x4 
 .rodata.LED_Init
                0x08002aa0       0x20 ./src/HLED_config.o
                0x08002aa0                LED_Init
 .rodata.SysTask_info
                0x08002ac0       0x18 ./src/Sched_config.o
                0x08002ac0                SysTask_info
 .rodata.str1.1
                0x08002ad8       0x11 c:/users/toshiba/downloads/iti/turkey/arm tools iti/arm gcc/bin/../lib/gcc/arm-none-eabi/5.4.1/../../../../arm-none-eabi/lib/armv7-m\libg_nano.a(lib_a-nano-svfprintf.o)
 .rodata.str1.1
                0x08002ae9       0x22 c:/users/toshiba/downloads/iti/turkey/arm tools iti/arm gcc/bin/../lib/gcc/arm-none-eabi/5.4.1/../../../../arm-none-eabi/lib/armv7-m\libg_nano.a(lib_a-nano-vfprintf_i.o)
 *(vtable)
 *(.eh_frame*)
 *(.glue_7)
 .glue_7        0x08002b0b        0x0 linker stubs
 *(.glue_7t)
 .glue_7t       0x08002b0b        0x0 linker stubs

.vfp11_veneer   0x08002b0c        0x0
 .vfp11_veneer  0x08002b0c        0x0 linker stubs

.v4_bx          0x08002b0c        0x0
 .v4_bx         0x08002b0c        0x0 linker stubs

.iplt           0x08002b0c        0x0
 .iplt          0x08002b0c        0x0 ./system/src/stm32f1-stdperiph/misc.o

.ARM.extab
 *(.ARM.extab* .gnu.linkonce.armextab.*)
                0x08002b0c                . = ALIGN (0x4)
                0x08002b0c                __exidx_start = .

.ARM.exidx      0x08002b0c        0x8
 *(.ARM.exidx* .gnu.linkonce.armexidx.*)
 .ARM.exidx     0x08002b0c        0x8 c:/users/toshiba/downloads/iti/turkey/arm tools iti/arm gcc/bin/../lib/gcc/arm-none-eabi/5.4.1/armv7-m\libgcc.a(_udivmoddi4.o)
                0x08002b14                __exidx_end = .

.rel.dyn        0x08002b14        0x0
 .rel.iplt      0x08002b14        0x0 ./system/src/stm32f1-stdperiph/misc.o
                0x08002b14                . = ALIGN (0x4)
                0x08002b14                _etext = .
                0x08002b14                __etext = .

.data_CCMRAM    0x00000000        0x0 load address 0x08002b14
 FILL mask 0xff
 *(.data.CCMRAM .data.CCMRAM.*)
                0x00000000                . = ALIGN (0x4)
                0x08002b14                _sidata = LOADADDR (.data)

.data           0x20000000       0xc0 load address 0x08002b14
 FILL mask 0xff
                0x20000000                _sdata = .
                0x20000000                __data_start__ = .
 *(.data_begin .data_begin.*)
 .data_begin    0x20000000        0x4 ./system/src/newlib/_startup.o
 *(.data .data.*)
 .data.argv.4290
                0x20000004        0x8 ./system/src/newlib/_syscalls.o
 .data.AHBPrescTable
                0x2000000c       0x10 ./system/src/cmsis/system_stm32f10x.o
                0x2000000c                AHBPrescTable
 .data.SystemCoreClock
                0x2000001c        0x4 ./system/src/cmsis/system_stm32f10x.o
                0x2000001c                SystemCoreClock
 .data.NV       0x20000020        0x4 ./src/DNVIC.o
                0x20000020                NV
 *fill*         0x20000024        0x4 ff
 .data.MySwitches
                0x20000028       0x30 ./src/HSwitch_config.o
                0x20000028                MySwitches
 .data.impure_data
                0x20000058       0x60 c:/users/toshiba/downloads/iti/turkey/arm tools iti/arm gcc/bin/../lib/gcc/arm-none-eabi/5.4.1/../../../../arm-none-eabi/lib/armv7-m\libg_nano.a(lib_a-impure.o)
 .data._impure_ptr
                0x200000b8        0x4 c:/users/toshiba/downloads/iti/turkey/arm tools iti/arm gcc/bin/../lib/gcc/arm-none-eabi/5.4.1/../../../../arm-none-eabi/lib/armv7-m\libg_nano.a(lib_a-impure.o)
                0x200000b8                _impure_ptr
 *(.data_end .data_end.*)
 .data_end      0x200000bc        0x4 ./system/src/newlib/_startup.o
                0x200000c0                . = ALIGN (0x4)
                0x200000c0                _edata = .
                0x200000c0                __data_end__ = .

.igot.plt       0x200000c0        0x0 load address 0x08002bd4
 .igot.plt      0x200000c0        0x0 ./system/src/stm32f1-stdperiph/misc.o

.bss_CCMRAM     0x00000000        0x0
 *(.bss.CCMRAM .bss.CCMRAM.*)

.bss            0x200000c0      0x250
                0x200000c0                __bss_start__ = .
                0x200000c0                _sbss = .
 *(.bss_begin .bss_begin.*)
 .bss_begin     0x200000c0        0x4 ./system/src/newlib/_startup.o
 *(.bss .bss.*)
 .bss.current_heap_end.3974
                0x200000c4        0x4 ./system/src/newlib/_sbrk.o
 .bss.name.4289
                0x200000c8        0x1 ./system/src/newlib/_syscalls.o
 *fill*         0x200000c9        0x3 
 .bss.buf.5179  0x200000cc       0x80 ./system/src/diag/Trace.o
 .bss.counter.3825
                0x2000014c        0x4 ./src/CounterApp.o
 .bss.ReceiveFrame
                0x20000150        0x5 ./src/CounterApp.o
 .bss.LED_State.3826
                0x20000155        0x1 ./src/CounterApp.o
 *fill*         0x20000156        0x2 
 .bss.RecCounter.3834
                0x20000158        0x4 ./src/CounterApp.o
 .bss.SentFrame
                0x2000015c        0x5 ./src/CounterApp.o
 .bss.counter.3820
                0x20000161        0x1 ./src/HLCD.o
 .bss.Current_state.3819
                0x20000162        0x1 ./src/HLCD.o
 .bss.InitComplete
                0x20000163        0x1 ./src/HLCD.o
                0x20000163                InitComplete
 .bss.CurrChar.3832
                0x20000164        0x1 ./src/HLCD.o
 .bss.CurrentProcess
                0x20000165        0x1 ./src/HLCD.o
                0x20000165                CurrentProcess
 *fill*         0x20000166        0x2 
 .bss.counter.3784
                0x20000168        0x1 ./src/HSwitch.o
 *fill*         0x20000169        0x3 
 .bss.previousState.3783
                0x2000016c        0x1 ./src/HSwitch.o
 *fill*         0x2000016d        0x3 
 .bss.RxNotify  0x20000170        0x4 ./src/UART.o
 .bss.TxNotify  0x20000174        0x4 ./src/UART.o
 .bss.RxBuffer  0x20000178       0x10 ./src/UART.o
 .bss.TxBuffer  0x20000188       0x10 ./src/UART.o
 .bss.__malloc_sbrk_start
                0x20000198        0x4 c:/users/toshiba/downloads/iti/turkey/arm tools iti/arm gcc/bin/../lib/gcc/arm-none-eabi/5.4.1/../../../../arm-none-eabi/lib/armv7-m\libg_nano.a(lib_a-nano-mallocr.o)
                0x20000198                __malloc_sbrk_start
 .bss.__malloc_free_list
                0x2000019c        0x4 c:/users/toshiba/downloads/iti/turkey/arm tools iti/arm gcc/bin/../lib/gcc/arm-none-eabi/5.4.1/../../../../arm-none-eabi/lib/armv7-m\libg_nano.a(lib_a-nano-mallocr.o)
                0x2000019c                __malloc_free_list
 *(COMMON)
 COMMON         0x200001a0        0x4 ./system/src/newlib/_syscalls.o
                0x200001a0                errno
 COMMON         0x200001a4        0x8 ./src/CounterApp.o
                0x200001a4                AppTask
 COMMON         0x200001ac        0x4 ./src/DSYSTICK.o
                0x200001ac                APPcbf
 COMMON         0x200001b0      0x111 ./src/HLCD.o
                0x200001b0                Lcd_Data
                0x200002b0                Writecbf
                0x200002b4                Lcd_Xpos
                0x200002b5                Lcd_Ypos
                0x200002b8                LCDTask
                0x200002c0                Lcd_Length
 *fill*         0x200002c1        0x3 
 COMMON         0x200002c4        0xc ./src/HSwitch.o
                0x200002c4                SwitchStates
                0x200002c8                SwitchTask
 COMMON         0x200002d0        0x4 ./src/HUART.o
                0x200002d0                Clk
 COMMON         0x200002d4       0x38 ./src/Sched.o
                0x200002d4                idx
                0x200002d8                SysTask
                0x20000308                OSFlag
 *(.bss_end .bss_end.*)
 .bss_end       0x2000030c        0x4 ./system/src/newlib/_startup.o
                0x20000310                . = ALIGN (0x4)
                0x20000310                __bss_end__ = .
                0x20000310                _ebss = .

.noinit_CCMRAM
 *(.noinit.CCMRAM .noinit.CCMRAM.*)

.noinit         0x20000310        0x0
                0x20000310                _noinit = .
 *(.noinit .noinit.*)
                0x20000310                . = ALIGN (0x4)
                0x20000310                _end_noinit = .
                [!provide]                PROVIDE (end, _end_noinit)
                [!provide]                PROVIDE (_end, _end_noinit)
                [!provide]                PROVIDE (__end, _end_noinit)
                [!provide]                PROVIDE (__end__, _end_noinit)

._check_stack   0x20000310      0x100
                0x20000410                . = (. + _Minimum_Stack_Size)
 *fill*         0x20000310      0x100 

.b1text
 *(.b1text)
 *(.b1rodata)
 *(.b1rodata.*)

.eb0text
 *(.eb0text)
 *(.eb0rodata)
 *(.eb0rodata.*)

.eb1text
 *(.eb1text)
 *(.eb1rodata)
 *(.eb1rodata.*)

.eb2text
 *(.eb2text)
 *(.eb2rodata)
 *(.eb2rodata.*)

.eb3text
 *(.eb3text)
 *(.eb3rodata)
 *(.eb3rodata.*)

.stab
 *(.stab)

.stabstr
 *(.stabstr)

.stab.excl
 *(.stab.excl)

.stab.exclstr
 *(.stab.exclstr)

.stab.index
 *(.stab.index)

.stab.indexstr
 *(.stab.indexstr)

.comment        0x00000000       0x6e
 *(.comment)
 .comment       0x00000000       0x6e ./system/src/newlib/_exit.o
                                 0x6f (size before relaxing)
 .comment       0x0000006e       0x6f ./system/src/newlib/_sbrk.o
 .comment       0x0000006e       0x6f ./system/src/newlib/_startup.o
 .comment       0x0000006e       0x6f ./system/src/newlib/_syscalls.o
 .comment       0x0000006e       0x6f ./system/src/diag/Trace.o
 .comment       0x0000006e       0x6f ./system/src/diag/trace_impl.o
 .comment       0x0000006e       0x6f ./system/src/cortexm/_initialize_hardware.o
 .comment       0x0000006e       0x6f ./system/src/cortexm/exception_handlers.o
 .comment       0x0000006e       0x6f ./system/src/cmsis/system_stm32f10x.o
 .comment       0x0000006e       0x6f ./system/src/cmsis/vectors_stm32f10x.o
 .comment       0x0000006e       0x6f ./src/CounterApp.o
 .comment       0x0000006e       0x6f ./src/DGPIO.o
 .comment       0x0000006e       0x6f ./src/DNVIC.o
 .comment       0x0000006e       0x6f ./src/DRCC.o
 .comment       0x0000006e       0x6f ./src/DSYSTICK.o
 .comment       0x0000006e       0x6f ./src/HLCD.o
 .comment       0x0000006e       0x6f ./src/HLCD_config.o
 .comment       0x0000006e       0x6f ./src/HLED.o
 .comment       0x0000006e       0x6f ./src/HLED_config.o
 .comment       0x0000006e       0x6f ./src/HSwitch.o
 .comment       0x0000006e       0x6f ./src/HSwitch_config.o
 .comment       0x0000006e       0x6f ./src/HUART.o
 .comment       0x0000006e       0x6f ./src/Sched.o
 .comment       0x0000006e       0x6f ./src/Sched_config.o
 .comment       0x0000006e       0x6f ./src/UART.o
 .comment       0x0000006e       0x6f ./src/main.o

.ARM.attributes
                0x00000000       0x31
 .ARM.attributes
                0x00000000       0x33 ./system/src/newlib/_exit.o
 .ARM.attributes
                0x00000033       0x33 ./system/src/newlib/_sbrk.o
 .ARM.attributes
                0x00000066       0x33 ./system/src/newlib/_startup.o
 .ARM.attributes
                0x00000099       0x33 ./system/src/newlib/_syscalls.o
 .ARM.attributes
                0x000000cc       0x33 ./system/src/diag/Trace.o
 .ARM.attributes
                0x000000ff       0x33 ./system/src/diag/trace_impl.o
 .ARM.attributes
                0x00000132       0x33 ./system/src/cortexm/_initialize_hardware.o
 .ARM.attributes
                0x00000165       0x33 ./system/src/cortexm/exception_handlers.o
 .ARM.attributes
                0x00000198       0x33 ./system/src/cmsis/system_stm32f10x.o
 .ARM.attributes
                0x000001cb       0x33 ./system/src/cmsis/vectors_stm32f10x.o
 .ARM.attributes
                0x000001fe       0x33 ./src/CounterApp.o
 .ARM.attributes
                0x00000231       0x33 ./src/DGPIO.o
 .ARM.attributes
                0x00000264       0x33 ./src/DNVIC.o
 .ARM.attributes
                0x00000297       0x33 ./src/DRCC.o
 .ARM.attributes
                0x000002ca       0x33 ./src/DSYSTICK.o
 .ARM.attributes
                0x000002fd       0x33 ./src/HLCD.o
 .ARM.attributes
                0x00000330       0x33 ./src/HLCD_config.o
 .ARM.attributes
                0x00000363       0x33 ./src/HLED.o
 .ARM.attributes
                0x00000396       0x33 ./src/HLED_config.o
 .ARM.attributes
                0x000003c9       0x33 ./src/HSwitch.o
 .ARM.attributes
                0x000003fc       0x33 ./src/HSwitch_config.o
 .ARM.attributes
                0x0000042f       0x33 ./src/HUART.o
 .ARM.attributes
                0x00000462       0x33 ./src/Sched.o
 .ARM.attributes
                0x00000495       0x33 ./src/Sched_config.o
 .ARM.attributes
                0x000004c8       0x33 ./src/UART.o
 .ARM.attributes
                0x000004fb       0x33 ./src/main.o
 .ARM.attributes
                0x0000052e       0x1d c:/users/toshiba/downloads/iti/turkey/arm tools iti/arm gcc/bin/../lib/gcc/arm-none-eabi/5.4.1/armv7-m\libgcc.a(_aeabi_uldivmod.o)
 .ARM.attributes
                0x0000054b       0x2d c:/users/toshiba/downloads/iti/turkey/arm tools iti/arm gcc/bin/../lib/gcc/arm-none-eabi/5.4.1/armv7-m\libgcc.a(_udivmoddi4.o)
 .ARM.attributes
                0x00000578       0x1d c:/users/toshiba/downloads/iti/turkey/arm tools iti/arm gcc/bin/../lib/gcc/arm-none-eabi/5.4.1/armv7-m\libgcc.a(_dvmd_tls.o)
 .ARM.attributes
                0x00000595       0x2d c:/users/toshiba/downloads/iti/turkey/arm tools iti/arm gcc/bin/../lib/gcc/arm-none-eabi/5.4.1/../../../../arm-none-eabi/lib/armv7-m\libg_nano.a(lib_a-errno.o)
 .ARM.attributes
                0x000005c2       0x2d c:/users/toshiba/downloads/iti/turkey/arm tools iti/arm gcc/bin/../lib/gcc/arm-none-eabi/5.4.1/../../../../arm-none-eabi/lib/armv7-m\libg_nano.a(lib_a-impure.o)
 .ARM.attributes
                0x000005ef       0x2d c:/users/toshiba/downloads/iti/turkey/arm tools iti/arm gcc/bin/../lib/gcc/arm-none-eabi/5.4.1/../../../../arm-none-eabi/lib/armv7-m\libg_nano.a(lib_a-vsnprintf.o)
 .ARM.attributes
                0x0000061c       0x2d c:/users/toshiba/downloads/iti/turkey/arm tools iti/arm gcc/bin/../lib/gcc/arm-none-eabi/5.4.1/../../../../arm-none-eabi/lib/armv7-m\libg_nano.a(lib_a-nano-svfprintf.o)
 .ARM.attributes
                0x00000649       0x2d c:/users/toshiba/downloads/iti/turkey/arm tools iti/arm gcc/bin/../lib/gcc/arm-none-eabi/5.4.1/../../../../arm-none-eabi/lib/armv7-m\libg_nano.a(lib_a-nano-vfprintf_i.o)
 .ARM.attributes
                0x00000676       0x2d c:/users/toshiba/downloads/iti/turkey/arm tools iti/arm gcc/bin/../lib/gcc/arm-none-eabi/5.4.1/../../../../arm-none-eabi/lib/armv7-m\libg_nano.a(lib_a-memchr-stub.o)
 .ARM.attributes
                0x000006a3       0x2d c:/users/toshiba/downloads/iti/turkey/arm tools iti/arm gcc/bin/../lib/gcc/arm-none-eabi/5.4.1/../../../../arm-none-eabi/lib/armv7-m\libg_nano.a(lib_a-memcpy-stub.o)
 .ARM.attributes
                0x000006d0       0x2d c:/users/toshiba/downloads/iti/turkey/arm tools iti/arm gcc/bin/../lib/gcc/arm-none-eabi/5.4.1/../../../../arm-none-eabi/lib/armv7-m\libg_nano.a(lib_a-memmove.o)
 .ARM.attributes
                0x000006fd       0x2d c:/users/toshiba/downloads/iti/turkey/arm tools iti/arm gcc/bin/../lib/gcc/arm-none-eabi/5.4.1/../../../../arm-none-eabi/lib/armv7-m\libg_nano.a(lib_a-nano-freer.o)
 .ARM.attributes
                0x0000072a       0x2d c:/users/toshiba/downloads/iti/turkey/arm tools iti/arm gcc/bin/../lib/gcc/arm-none-eabi/5.4.1/../../../../arm-none-eabi/lib/armv7-m\libg_nano.a(lib_a-nano-mallocr.o)
 .ARM.attributes
                0x00000757       0x2d c:/users/toshiba/downloads/iti/turkey/arm tools iti/arm gcc/bin/../lib/gcc/arm-none-eabi/5.4.1/../../../../arm-none-eabi/lib/armv7-m\libg_nano.a(lib_a-nano-reallocr.o)
 .ARM.attributes
                0x00000784       0x2d c:/users/toshiba/downloads/iti/turkey/arm tools iti/arm gcc/bin/../lib/gcc/arm-none-eabi/5.4.1/../../../../arm-none-eabi/lib/armv7-m\libg_nano.a(lib_a-sbrkr.o)
 .ARM.attributes
                0x000007b1       0x2d c:/users/toshiba/downloads/iti/turkey/arm tools iti/arm gcc/bin/../lib/gcc/arm-none-eabi/5.4.1/../../../../arm-none-eabi/lib/armv7-m\libg_nano.a(lib_a-mlock.o)
 .ARM.attributes
                0x000007de       0x2d c:/users/toshiba/downloads/iti/turkey/arm tools iti/arm gcc/bin/../lib/gcc/arm-none-eabi/5.4.1/../../../../arm-none-eabi/lib/armv7-m\libg_nano.a(lib_a-nano-msizer.o)

.debug
 *(.debug)

.line
 *(.line)

.debug_srcinfo
 *(.debug_srcinfo)

.debug_sfnames
 *(.debug_sfnames)

.debug_aranges  0x00000000      0x5f0
 *(.debug_aranges)
 .debug_aranges
                0x00000000       0x28 ./system/src/newlib/_exit.o
 .debug_aranges
                0x00000028       0x20 ./system/src/newlib/_sbrk.o
 .debug_aranges
                0x00000048       0x40 ./system/src/newlib/_startup.o
 .debug_aranges
                0x00000088       0x30 ./system/src/newlib/_syscalls.o
 .debug_aranges
                0x000000b8       0x38 ./system/src/diag/Trace.o
 .debug_aranges
                0x000000f0       0x30 ./system/src/diag/trace_impl.o
 .debug_aranges
                0x00000120       0x28 ./system/src/cortexm/_initialize_hardware.o
 .debug_aranges
                0x00000148       0x90 ./system/src/cortexm/exception_handlers.o
 .debug_aranges
                0x000001d8       0x38 ./system/src/cmsis/system_stm32f10x.o
 .debug_aranges
                0x00000210       0x20 ./system/src/cmsis/vectors_stm32f10x.o
 .debug_aranges
                0x00000230       0x48 ./src/CounterApp.o
 .debug_aranges
                0x00000278       0x38 ./src/DGPIO.o
 .debug_aranges
                0x000002b0       0x88 ./src/DNVIC.o
 .debug_aranges
                0x00000338       0x50 ./src/DRCC.o
 .debug_aranges
                0x00000388       0x48 ./src/DSYSTICK.o
 .debug_aranges
                0x000003d0       0x70 ./src/HLCD.o
 .debug_aranges
                0x00000440       0x18 ./src/HLCD_config.o
 .debug_aranges
                0x00000458       0x28 ./src/HLED.o
 .debug_aranges
                0x00000480       0x18 ./src/HLED_config.o
 .debug_aranges
                0x00000498       0x30 ./src/HSwitch.o
 .debug_aranges
                0x000004c8       0x18 ./src/HSwitch_config.o
 .debug_aranges
                0x000004e0       0x48 ./src/HUART.o
 .debug_aranges
                0x00000528       0x40 ./src/Sched.o
 .debug_aranges
                0x00000568       0x18 ./src/Sched_config.o
 .debug_aranges
                0x00000580       0x50 ./src/UART.o
 .debug_aranges
                0x000005d0       0x20 ./src/main.o

.debug_pubnames
 *(.debug_pubnames)

.debug_info     0x00000000     0x515c
 *(.debug_info .gnu.linkonce.wi.*)
 .debug_info    0x00000000       0xef ./system/src/newlib/_exit.o
 .debug_info    0x000000ef      0x11f ./system/src/newlib/_sbrk.o
 .debug_info    0x0000020e      0x455 ./system/src/newlib/_startup.o
 .debug_info    0x00000663      0x1c7 ./system/src/newlib/_syscalls.o
 .debug_info    0x0000082a      0x2e7 ./system/src/diag/Trace.o
 .debug_info    0x00000b11      0x30b ./system/src/diag/trace_impl.o
 .debug_info    0x00000e1c      0x2b1 ./system/src/cortexm/_initialize_hardware.o
 .debug_info    0x000010cd      0x8da ./system/src/cortexm/exception_handlers.o
 .debug_info    0x000019a7      0x497 ./system/src/cmsis/system_stm32f10x.o
 .debug_info    0x00001e3e       0xd1 ./system/src/cmsis/vectors_stm32f10x.o
 .debug_info    0x00001f0f      0x509 ./src/CounterApp.o
 .debug_info    0x00002418      0x264 ./src/DGPIO.o
 .debug_info    0x0000267c      0x37b ./src/DNVIC.o
 .debug_info    0x000029f7      0x23a ./src/DRCC.o
 .debug_info    0x00002c31      0x149 ./src/DSYSTICK.o
 .debug_info    0x00002d7a      0xc44 ./src/HLCD.o
 .debug_info    0x000039be      0x18f ./src/HLCD_config.o
 .debug_info    0x00003b4d      0x266 ./src/HLED.o
 .debug_info    0x00003db3      0x1cc ./src/HLED_config.o
 .debug_info    0x00003f7f      0x3e0 ./src/HSwitch.o
 .debug_info    0x0000435f      0x18b ./src/HSwitch_config.o
 .debug_info    0x000044ea      0x447 ./src/HUART.o
 .debug_info    0x00004931      0x2ae ./src/Sched.o
 .debug_info    0x00004bdf      0x11a ./src/Sched_config.o
 .debug_info    0x00004cf9      0x3ac ./src/UART.o
 .debug_info    0x000050a5       0xb7 ./src/main.o

.debug_abbrev   0x00000000     0x1d4c
 *(.debug_abbrev)
 .debug_abbrev  0x00000000       0x8e ./system/src/newlib/_exit.o
 .debug_abbrev  0x0000008e       0xb9 ./system/src/newlib/_sbrk.o
 .debug_abbrev  0x00000147      0x1ac ./system/src/newlib/_startup.o
 .debug_abbrev  0x000002f3       0xec ./system/src/newlib/_syscalls.o
 .debug_abbrev  0x000003df      0x156 ./system/src/diag/Trace.o
 .debug_abbrev  0x00000535      0x1c8 ./system/src/diag/trace_impl.o
 .debug_abbrev  0x000006fd       0xea ./system/src/cortexm/_initialize_hardware.o
 .debug_abbrev  0x000007e7      0x247 ./system/src/cortexm/exception_handlers.o
 .debug_abbrev  0x00000a2e      0x159 ./system/src/cmsis/system_stm32f10x.o
 .debug_abbrev  0x00000b87       0x9d ./system/src/cmsis/vectors_stm32f10x.o
 .debug_abbrev  0x00000c24      0x165 ./src/CounterApp.o
 .debug_abbrev  0x00000d89       0xd7 ./src/DGPIO.o
 .debug_abbrev  0x00000e60      0x110 ./src/DNVIC.o
 .debug_abbrev  0x00000f70      0x118 ./src/DRCC.o
 .debug_abbrev  0x00001088       0xd8 ./src/DSYSTICK.o
 .debug_abbrev  0x00001160      0x24b ./src/HLCD.o
 .debug_abbrev  0x000013ab       0xc1 ./src/HLCD_config.o
 .debug_abbrev  0x0000146c      0x116 ./src/HLED.o
 .debug_abbrev  0x00001582       0xc3 ./src/HLED_config.o
 .debug_abbrev  0x00001645      0x188 ./src/HSwitch.o
 .debug_abbrev  0x000017cd       0xab ./src/HSwitch_config.o
 .debug_abbrev  0x00001878      0x117 ./src/HUART.o
 .debug_abbrev  0x0000198f      0x18c ./src/Sched.o
 .debug_abbrev  0x00001b1b       0x92 ./src/Sched_config.o
 .debug_abbrev  0x00001bad      0x11e ./src/UART.o
 .debug_abbrev  0x00001ccb       0x81 ./src/main.o

.debug_line     0x00000000     0x36e2
 *(.debug_line)
 .debug_line    0x00000000      0x349 ./system/src/newlib/_exit.o
 .debug_line    0x00000349      0x2fa ./system/src/newlib/_sbrk.o
 .debug_line    0x00000643      0x3b0 ./system/src/newlib/_startup.o
 .debug_line    0x000009f3      0x418 ./system/src/newlib/_syscalls.o
 .debug_line    0x00000e0b      0x3b7 ./system/src/diag/Trace.o
 .debug_line    0x000011c2      0x62f ./system/src/diag/trace_impl.o
 .debug_line    0x000017f1      0x376 ./system/src/cortexm/_initialize_hardware.o
 .debug_line    0x00001b67      0x6d8 ./system/src/cortexm/exception_handlers.o
 .debug_line    0x0000223f      0x3d6 ./system/src/cmsis/system_stm32f10x.o
 .debug_line    0x00002615      0x106 ./system/src/cmsis/vectors_stm32f10x.o
 .debug_line    0x0000271b      0x153 ./src/CounterApp.o
 .debug_line    0x0000286e      0x153 ./src/DGPIO.o
 .debug_line    0x000029c1      0x174 ./src/DNVIC.o
 .debug_line    0x00002b35      0x1ae ./src/DRCC.o
 .debug_line    0x00002ce3       0xd4 ./src/DSYSTICK.o
 .debug_line    0x00002db7      0x21e ./src/HLCD.o
 .debug_line    0x00002fd5       0x5c ./src/HLCD_config.o
 .debug_line    0x00003031       0x9b ./src/HLED.o
 .debug_line    0x000030cc       0x66 ./src/HLED_config.o
 .debug_line    0x00003132      0x133 ./src/HSwitch.o
 .debug_line    0x00003265       0x6f ./src/HSwitch_config.o
 .debug_line    0x000032d4      0x10d ./src/HUART.o
 .debug_line    0x000033e1      0x10f ./src/Sched.o
 .debug_line    0x000034f0       0x5e ./src/Sched_config.o
 .debug_line    0x0000354e      0x119 ./src/UART.o
 .debug_line    0x00003667       0x7b ./src/main.o

.debug_frame    0x00000000      0xe90
 *(.debug_frame)
 .debug_frame   0x00000000       0x38 ./system/src/newlib/_exit.o
 .debug_frame   0x00000038       0x28 ./system/src/newlib/_sbrk.o
 .debug_frame   0x00000060       0x7c ./system/src/newlib/_startup.o
 .debug_frame   0x000000dc       0x50 ./system/src/newlib/_syscalls.o
 .debug_frame   0x0000012c       0x94 ./system/src/diag/Trace.o
 .debug_frame   0x000001c0       0x60 ./system/src/diag/trace_impl.o
 .debug_frame   0x00000220       0x40 ./system/src/cortexm/_initialize_hardware.o
 .debug_frame   0x00000260      0x158 ./system/src/cortexm/exception_handlers.o
 .debug_frame   0x000003b8       0x68 ./system/src/cmsis/system_stm32f10x.o
 .debug_frame   0x00000420       0x20 ./system/src/cmsis/vectors_stm32f10x.o
 .debug_frame   0x00000440       0xac ./src/CounterApp.o
 .debug_frame   0x000004ec       0x6c ./src/DGPIO.o
 .debug_frame   0x00000558       0xf0 ./src/DNVIC.o
 .debug_frame   0x00000648       0x90 ./src/DRCC.o
 .debug_frame   0x000006d8       0x80 ./src/DSYSTICK.o
 .debug_frame   0x00000758      0x12c ./src/HLCD.o
 .debug_frame   0x00000884       0x44 ./src/HLED.o
 .debug_frame   0x000008c8       0x74 ./src/HSwitch.o
 .debug_frame   0x0000093c       0xbc ./src/HUART.o
 .debug_frame   0x000009f8       0x84 ./src/Sched.o
 .debug_frame   0x00000a7c       0x9c ./src/UART.o
 .debug_frame   0x00000b18       0x28 ./src/main.o
 .debug_frame   0x00000b40       0x2c c:/users/toshiba/downloads/iti/turkey/arm tools iti/arm gcc/bin/../lib/gcc/arm-none-eabi/5.4.1/armv7-m\libgcc.a(_aeabi_uldivmod.o)
 .debug_frame   0x00000b6c       0x38 c:/users/toshiba/downloads/iti/turkey/arm tools iti/arm gcc/bin/../lib/gcc/arm-none-eabi/5.4.1/armv7-m\libgcc.a(_udivmoddi4.o)
 .debug_frame   0x00000ba4       0x20 c:/users/toshiba/downloads/iti/turkey/arm tools iti/arm gcc/bin/../lib/gcc/arm-none-eabi/5.4.1/../../../../arm-none-eabi/lib/armv7-m\libg_nano.a(lib_a-errno.o)
 .debug_frame   0x00000bc4       0x48 c:/users/toshiba/downloads/iti/turkey/arm tools iti/arm gcc/bin/../lib/gcc/arm-none-eabi/5.4.1/../../../../arm-none-eabi/lib/armv7-m\libg_nano.a(lib_a-vsnprintf.o)
 .debug_frame   0x00000c0c       0x90 c:/users/toshiba/downloads/iti/turkey/arm tools iti/arm gcc/bin/../lib/gcc/arm-none-eabi/5.4.1/../../../../arm-none-eabi/lib/armv7-m\libg_nano.a(lib_a-nano-svfprintf.o)
 .debug_frame   0x00000c9c       0x60 c:/users/toshiba/downloads/iti/turkey/arm tools iti/arm gcc/bin/../lib/gcc/arm-none-eabi/5.4.1/../../../../arm-none-eabi/lib/armv7-m\libg_nano.a(lib_a-nano-vfprintf_i.o)
 .debug_frame   0x00000cfc       0x28 c:/users/toshiba/downloads/iti/turkey/arm tools iti/arm gcc/bin/../lib/gcc/arm-none-eabi/5.4.1/../../../../arm-none-eabi/lib/armv7-m\libg_nano.a(lib_a-memchr-stub.o)
 .debug_frame   0x00000d24       0x28 c:/users/toshiba/downloads/iti/turkey/arm tools iti/arm gcc/bin/../lib/gcc/arm-none-eabi/5.4.1/../../../../arm-none-eabi/lib/armv7-m\libg_nano.a(lib_a-memcpy-stub.o)
 .debug_frame   0x00000d4c       0x28 c:/users/toshiba/downloads/iti/turkey/arm tools iti/arm gcc/bin/../lib/gcc/arm-none-eabi/5.4.1/../../../../arm-none-eabi/lib/armv7-m\libg_nano.a(lib_a-memmove.o)
 .debug_frame   0x00000d74       0x38 c:/users/toshiba/downloads/iti/turkey/arm tools iti/arm gcc/bin/../lib/gcc/arm-none-eabi/5.4.1/../../../../arm-none-eabi/lib/armv7-m\libg_nano.a(lib_a-nano-freer.o)
 .debug_frame   0x00000dac       0x2c c:/users/toshiba/downloads/iti/turkey/arm tools iti/arm gcc/bin/../lib/gcc/arm-none-eabi/5.4.1/../../../../arm-none-eabi/lib/armv7-m\libg_nano.a(lib_a-nano-mallocr.o)
 .debug_frame   0x00000dd8       0x3c c:/users/toshiba/downloads/iti/turkey/arm tools iti/arm gcc/bin/../lib/gcc/arm-none-eabi/5.4.1/../../../../arm-none-eabi/lib/armv7-m\libg_nano.a(lib_a-nano-reallocr.o)
 .debug_frame   0x00000e14       0x2c c:/users/toshiba/downloads/iti/turkey/arm tools iti/arm gcc/bin/../lib/gcc/arm-none-eabi/5.4.1/../../../../arm-none-eabi/lib/armv7-m\libg_nano.a(lib_a-sbrkr.o)
 .debug_frame   0x00000e40       0x30 c:/users/toshiba/downloads/iti/turkey/arm tools iti/arm gcc/bin/../lib/gcc/arm-none-eabi/5.4.1/../../../../arm-none-eabi/lib/armv7-m\libg_nano.a(lib_a-mlock.o)
 .debug_frame   0x00000e70       0x20 c:/users/toshiba/downloads/iti/turkey/arm tools iti/arm gcc/bin/../lib/gcc/arm-none-eabi/5.4.1/../../../../arm-none-eabi/lib/armv7-m\libg_nano.a(lib_a-nano-msizer.o)

.debug_str      0x00000000    0x58c05
 *(.debug_str)
 .debug_str     0x00000000     0x6d3c ./system/src/newlib/_exit.o
                               0x6eae (size before relaxing)
 .debug_str     0x00006d3c      0x4de ./system/src/newlib/_sbrk.o
                               0x6299 (size before relaxing)
 .debug_str     0x0000721a      0xbc3 ./system/src/newlib/_startup.o
                               0x5e4e (size before relaxing)
 .debug_str     0x00007ddd      0xe18 ./system/src/newlib/_syscalls.o
                               0x70f9 (size before relaxing)
 .debug_str     0x00008bf5      0x890 ./system/src/diag/Trace.o
                               0x769e (size before relaxing)
 .debug_str     0x00009485    0x4b2af ./system/src/diag/trace_impl.o
                              0x51e60 (size before relaxing)
 .debug_str     0x00054734       0xc4 ./system/src/cortexm/_initialize_hardware.o
                              0x4e01a (size before relaxing)
 .debug_str     0x000547f8      0x1a6 ./system/src/cortexm/exception_handlers.o
                              0x52c22 (size before relaxing)
 .debug_str     0x0005499e      0x124 ./system/src/cmsis/system_stm32f10x.o
                              0x4e0c4 (size before relaxing)
 .debug_str     0x00054ac2       0x57 ./system/src/cmsis/vectors_stm32f10x.o
                               0x3069 (size before relaxing)
 .debug_str     0x00054b19      0x815 ./src/CounterApp.o
                               0x2db0 (size before relaxing)
 .debug_str     0x0005532e     0x1f15 ./src/DGPIO.o
                               0x44be (size before relaxing)
 .debug_str     0x00057243      0x582 ./src/DNVIC.o
                               0x2b16 (size before relaxing)
 .debug_str     0x000577c5      0x8c0 ./src/DRCC.o
                               0x33bc (size before relaxing)
 .debug_str     0x00058085      0x200 ./src/DSYSTICK.o
                               0x27a4 (size before relaxing)
 .debug_str     0x00058285      0x378 ./src/HLCD.o
                               0x4ded (size before relaxing)
 .debug_str     0x000585fd       0x15 ./src/HLCD_config.o
                               0x45bb (size before relaxing)
 .debug_str     0x00058612       0x4d ./src/HLED.o
                               0x44e1 (size before relaxing)
 .debug_str     0x0005865f       0x15 ./src/HLED_config.o
                               0x4497 (size before relaxing)
 .debug_str     0x00058674       0xc3 ./src/HSwitch.o
                               0x4b24 (size before relaxing)
 .debug_str     0x00058737       0x18 ./src/HSwitch_config.o
                               0x44fc (size before relaxing)
 .debug_str     0x0005874f      0x1be ./src/HUART.o
                               0x4c1c (size before relaxing)
 .debug_str     0x0005890d       0xe0 ./src/Sched.o
                               0x2cfc (size before relaxing)
 .debug_str     0x000589ed       0x16 ./src/Sched_config.o
                               0x2644 (size before relaxing)
 .debug_str     0x00058a03      0x1f4 ./src/UART.o
                               0x2bd2 (size before relaxing)
 .debug_str     0x00058bf7        0xe ./src/main.o
                               0x2661 (size before relaxing)

.debug_loc      0x00000000     0x20d2
 *(.debug_loc)
 .debug_loc     0x00000000       0x82 ./system/src/newlib/_sbrk.o
 .debug_loc     0x00000082      0x265 ./system/src/newlib/_startup.o
 .debug_loc     0x000002e7       0x63 ./system/src/newlib/_syscalls.o
 .debug_loc     0x0000034a      0x102 ./system/src/diag/Trace.o
 .debug_loc     0x0000044c      0x17c ./system/src/diag/trace_impl.o
 .debug_loc     0x000005c8      0x2a8 ./system/src/cortexm/exception_handlers.o
 .debug_loc     0x00000870       0xdf ./system/src/cmsis/system_stm32f10x.o
 .debug_loc     0x0000094f       0xc0 ./src/CounterApp.o
 .debug_loc     0x00000a0f      0x24a ./src/DGPIO.o
 .debug_loc     0x00000c59      0x24f ./src/DNVIC.o
 .debug_loc     0x00000ea8      0x59d ./src/DRCC.o
 .debug_loc     0x00001445       0xd3 ./src/DSYSTICK.o
 .debug_loc     0x00001518      0x1c7 ./src/HLCD.o
 .debug_loc     0x000016df      0x12e ./src/HLED.o
 .debug_loc     0x0000180d      0x1d7 ./src/HSwitch.o
 .debug_loc     0x000019e4      0x387 ./src/HUART.o
 .debug_loc     0x00001d6b       0x48 ./src/Sched.o
 .debug_loc     0x00001db3      0x300 ./src/UART.o
 .debug_loc     0x000020b3       0x1f ./src/main.o

.debug_macinfo
 *(.debug_macinfo)

.debug_weaknames
 *(.debug_weaknames)

.debug_funcnames
 *(.debug_funcnames)

.debug_typenames
 *(.debug_typenames)

.debug_varnames
 *(.debug_varnames)
OUTPUT(Project1.elf elf32-littlearm)

.debug_ranges   0x00000000      0x490
 .debug_ranges  0x00000000       0x18 ./system/src/newlib/_exit.o
 .debug_ranges  0x00000018       0x10 ./system/src/newlib/_sbrk.o
 .debug_ranges  0x00000028       0x48 ./system/src/newlib/_startup.o
 .debug_ranges  0x00000070       0x20 ./system/src/newlib/_syscalls.o
 .debug_ranges  0x00000090       0x28 ./system/src/diag/Trace.o
 .debug_ranges  0x000000b8       0x38 ./system/src/diag/trace_impl.o
 .debug_ranges  0x000000f0       0x18 ./system/src/cortexm/_initialize_hardware.o
 .debug_ranges  0x00000108       0x98 ./system/src/cortexm/exception_handlers.o
 .debug_ranges  0x000001a0       0x28 ./system/src/cmsis/system_stm32f10x.o
 .debug_ranges  0x000001c8       0x10 ./system/src/cmsis/vectors_stm32f10x.o
 .debug_ranges  0x000001d8       0x38 ./src/CounterApp.o
 .debug_ranges  0x00000210       0x28 ./src/DGPIO.o
 .debug_ranges  0x00000238       0x78 ./src/DNVIC.o
 .debug_ranges  0x000002b0       0x58 ./src/DRCC.o
 .debug_ranges  0x00000308       0x38 ./src/DSYSTICK.o
 .debug_ranges  0x00000340       0x60 ./src/HLCD.o
 .debug_ranges  0x000003a0       0x18 ./src/HLED.o
 .debug_ranges  0x000003b8       0x20 ./src/HSwitch.o
 .debug_ranges  0x000003d8       0x38 ./src/HUART.o
 .debug_ranges  0x00000410       0x30 ./src/Sched.o
 .debug_ranges  0x00000440       0x40 ./src/UART.o
 .debug_ranges  0x00000480       0x10 ./src/main.o

.debug_macro    0x00000000     0x354e
 .debug_macro   0x00000000      0x19c ./system/src/newlib/_exit.o
 .debug_macro   0x0000019c       0x9c ./system/src/newlib/_exit.o
 .debug_macro   0x00000238      0x10e ./system/src/newlib/_exit.o
 .debug_macro   0x00000346       0x8d ./system/src/newlib/_exit.o
 .debug_macro   0x000003d3       0x43 ./system/src/newlib/_exit.o
 .debug_macro   0x00000416      0x30d ./system/src/newlib/_exit.o
 .debug_macro   0x00000723       0x35 ./system/src/newlib/_exit.o
 .debug_macro   0x00000758      0x151 ./system/src/newlib/_sbrk.o
 .debug_macro   0x000008a9      0x174 ./system/src/newlib/_sbrk.o
 .debug_macro   0x00000a1d       0x10 ./system/src/newlib/_sbrk.o
 .debug_macro   0x00000a2d      0x23b ./system/src/newlib/_sbrk.o
 .debug_macro   0x00000c68      0x15b ./system/src/newlib/_startup.o
 .debug_macro   0x00000dc3      0x1ff ./system/src/newlib/_syscalls.o
 .debug_macro   0x00000fc2       0x1c ./system/src/newlib/_syscalls.o
 .debug_macro   0x00000fde       0x10 ./system/src/newlib/_syscalls.o
 .debug_macro   0x00000fee       0x10 ./system/src/newlib/_syscalls.o
 .debug_macro   0x00000ffe       0x10 ./system/src/newlib/_syscalls.o
 .debug_macro   0x0000100e       0x35 ./system/src/newlib/_syscalls.o
 .debug_macro   0x00001043      0x122 ./system/src/newlib/_syscalls.o
 .debug_macro   0x00001165       0x88 ./system/src/newlib/_syscalls.o
 .debug_macro   0x000011ed       0x2b ./system/src/newlib/_syscalls.o
 .debug_macro   0x00001218      0x118 ./system/src/newlib/_syscalls.o
 .debug_macro   0x00001330      0x159 ./system/src/newlib/_syscalls.o
 .debug_macro   0x00001489       0x16 ./system/src/newlib/_syscalls.o
 .debug_macro   0x0000149f      0x1d9 ./system/src/diag/Trace.o
 .debug_macro   0x00001678       0x16 ./system/src/diag/Trace.o
 .debug_macro   0x0000168e       0x97 ./system/src/diag/Trace.o
 .debug_macro   0x00001725       0xfd ./system/src/diag/Trace.o
 .debug_macro   0x00001822       0x10 ./system/src/diag/Trace.o
 .debug_macro   0x00001832       0x16 ./system/src/diag/Trace.o
 .debug_macro   0x00001848      0x18b ./system/src/diag/Trace.o
 .debug_macro   0x000019d3       0x4c ./system/src/diag/Trace.o
 .debug_macro   0x00001a1f       0x16 ./system/src/diag/Trace.o
 .debug_macro   0x00001a35      0x2c2 ./system/src/diag/trace_impl.o
 .debug_macro   0x00001cf7       0x10 ./system/src/diag/trace_impl.o
 .debug_macro   0x00001d07       0xcf ./system/src/diag/trace_impl.o
 .debug_macro   0x00001dd6       0xbe ./system/src/diag/trace_impl.o
 .debug_macro   0x00001e94       0x22 ./system/src/diag/trace_impl.o
 .debug_macro   0x00001eb6      0x16b ./system/src/cortexm/_initialize_hardware.o
 .debug_macro   0x00002021      0x302 ./system/src/cortexm/exception_handlers.o
 .debug_macro   0x00002323       0x3b ./system/src/cortexm/exception_handlers.o
 .debug_macro   0x0000235e       0x10 ./system/src/cortexm/exception_handlers.o
 .debug_macro   0x0000236e      0x16e ./system/src/cmsis/system_stm32f10x.o
 .debug_macro   0x000024dc       0x34 ./system/src/cmsis/vectors_stm32f10x.o
 .debug_macro   0x00002510       0x50 ./src/CounterApp.o
 .debug_macro   0x00002560       0x16 ./src/CounterApp.o
 .debug_macro   0x00002576      0x17e ./src/CounterApp.o
 .debug_macro   0x000026f4       0x22 ./src/CounterApp.o
 .debug_macro   0x00002716       0x1c ./src/CounterApp.o
 .debug_macro   0x00002732       0x28 ./src/CounterApp.o
 .debug_macro   0x0000275a       0x1c ./src/CounterApp.o
 .debug_macro   0x00002776       0x22 ./src/CounterApp.o
 .debug_macro   0x00002798       0x2c ./src/DGPIO.o
 .debug_macro   0x000027c4      0x5da ./src/DGPIO.o
 .debug_macro   0x00002d9e       0x2c ./src/DNVIC.o
 .debug_macro   0x00002dca      0x19c ./src/DNVIC.o
 .debug_macro   0x00002f66      0x1a0 ./src/DRCC.o
 .debug_macro   0x00003106       0x41 ./src/DSYSTICK.o
 .debug_macro   0x00003147       0x28 ./src/DSYSTICK.o
 .debug_macro   0x0000316f       0x10 ./src/DSYSTICK.o
 .debug_macro   0x0000317f       0x86 ./src/HLCD.o
 .debug_macro   0x00003205       0x16 ./src/HLCD.o
 .debug_macro   0x0000321b       0x6a ./src/HLCD.o
 .debug_macro   0x00003285       0x23 ./src/HLCD_config.o
 .debug_macro   0x000032a8       0x27 ./src/HLED.o
 .debug_macro   0x000032cf       0x27 ./src/HLED_config.o
 .debug_macro   0x000032f6       0x3e ./src/HSwitch.o
 .debug_macro   0x00003334       0x1c ./src/HSwitch.o
 .debug_macro   0x00003350       0x2c ./src/HSwitch_config.o
 .debug_macro   0x0000337c       0x3e ./src/HUART.o
 .debug_macro   0x000033ba       0x1c ./src/HUART.o
 .debug_macro   0x000033d6       0x52 ./src/HUART.o
 .debug_macro   0x00003428       0x41 ./src/Sched.o
 .debug_macro   0x00003469       0x16 ./src/Sched.o
 .debug_macro   0x0000347f       0x23 ./src/Sched_config.o
 .debug_macro   0x000034a2       0x77 ./src/UART.o
 .debug_macro   0x00003519       0x35 ./src/main.o
